
Memory Configuration

Name             Origin             Length             Attributes
FLASH            0x08000000         0x00080000         xr
SRAM             0x02000000         0x00018000         xrw
*default*        0x00000000         0xffffffff

Linker script and memory map

LOAD main.o
LOAD led.o
LOAD stm32_startup.o

.text           0x08000000      0x6a0
 *(isr_vector)
 *(.text)
 .text          0x08000000      0x4c0 main.o
                0x08000000                main
                0x0800002c                idle_handler
                0x08000032                task1_handler
                0x08000050                task2_handler
                0x08000072                task3_handler
                0x08000094                task4_handler
                0x080000b6                init_systick_timer
                0x08000124                init_scheduler_stack
                0x0800012c                init_tasks_stack
                0x08000248                get_psp_value
                0x08000268                update_next_task
                0x080002ec                switch_sp_to_psp
                0x08000306                enable_processor_faults
                0x08000344                save_psp_value
                0x0800036c                schedule
                0x08000390                task_delay
                0x080003e0                PendSV_Handler
                0x08000406                update_global_tick_count
                0x08000420                unblock_tasks
                0x08000480                SysTick_Handler
                0x080004ac                HardFault_Handler
                0x080004b2                MemManage_Handler
                0x080004b8                BusFault_Handler
 .text          0x080004c0      0x148 led.o
                0x080004c0                init_leds
                0x08000570                led_on
                0x080005a0                led_off
                0x080005d0                delay
 .text          0x08000608       0x90 stm32_startup.o
                0x08000608                Reset_Handler
                0x08000690                FLASH_Handler
                0x08000690                SVCall_Handler
                0x08000690                DMA2_Stream7_Handler
                0x08000690                Systick_Handler
                0x08000690                DMA2_Stream3_Handler
                0x08000690                NMI_Handler
                0x08000690                EXTI15_10_Handler
                0x08000690                ADC_Handler
                0x08000690                I2C1_EV_Handler
                0x08000690                TAMP_STAMP_Handler
                0x08000690                I2C3_ER_Handler
                0x08000690                WWDG_Handler
                0x08000690                EXTI4_Handler
                0x08000690                I2C3_EV_Handler
                0x08000690                DMA1_Stream1_Handler
                0x08000690                DMA2_Stream4_Handler
                0x08000690                DMA1_Stream7_Handler
                0x08000690                OTG_FS_Handler
                0x08000690                TIM1_BRK_TIM9_Handler
                0x08000690                I2C1_ER_Handler
                0x08000690                DMA1_Stream3_Handler
                0x08000690                UsageFault_Handler
                0x08000690                TIM1_UP_TIM10_Handler
                0x08000690                TIM1_CC_Handler
                0x08000690                I2C2_ER_Handler
                0x08000690                USART6_Handler
                0x08000690                DMA1_Stream0_Handler
                0x08000690                EXTI1_Handler
                0x08000690                RTC_WKUP_Handler
                0x08000690                EXTI3_Handler
                0x08000690                EXTI2_Handler
                0x08000690                EXTI9_5_Handler
                0x08000690                TIM2_Handler
                0x08000690                USART1_Handler
                0x08000690                TIM3_Handler
                0x08000690                DMA2_Stream6_Handler
                0x08000690                Default_Handler
                0x08000690                TIM1_TRG_COM_TIM11_Handler
                0x08000690                RTC_Alarm_Handler
                0x08000690                TIM4_Handler
                0x08000690                SPI2_Handler
                0x08000690                DMA2_Stream1_Handler
                0x08000690                DMA1_Stream2_Handler
                0x08000690                EXTI0_Handler
                0x08000690                DMA2_Stream5_Handler
                0x08000690                DMA1_Stream6_Handler
                0x08000690                SDIO_Handler
                0x08000690                USART2_Handler
                0x08000690                SPI1_Handler
                0x08000690                I2C2_EV_Handler
                0x08000690                DMA2_Stream2_Handler
                0x08000690                SPI3_Handler
                0x08000690                DMA2_Stream0_Handler
                0x08000690                RCC_Handler
                0x08000690                PVD_Handler
                0x08000690                DMA1_Stream5_Handler
                0x08000690                TIM5_Handler
                0x08000690                FPU_Handler
                0x08000690                DMA1_Stream4_Handler
                0x08000690                DebugMonitor_Handler
                0x08000690                OTG_FS_WKUP_Handler
                0x08000690                SPI4_Handler
 *(.rodata)
 .rodata        0x08000698        0x5 main.o
                0x08000698                const_var_1
                0x0800069c                const_var_2
                0x080006a0                . = ALIGN (0x4)
 *fill*         0x0800069d        0x3 
                0x080006a0                _etext = .

.glue_7         0x080006a0        0x0
 .glue_7        0x080006a0        0x0 linker stubs

.glue_7t        0x080006a0        0x0
 .glue_7t       0x080006a0        0x0 linker stubs

.vfp11_veneer   0x080006a0        0x0
 .vfp11_veneer  0x080006a0        0x0 linker stubs

.v4_bx          0x080006a0        0x0
 .v4_bx         0x080006a0        0x0 linker stubs

.iplt           0x080006a0        0x0
 .iplt          0x080006a0        0x0 main.o

.rel.dyn        0x080006a0        0x0
 .rel.iplt      0x080006a0        0x0 main.o

.data           0x02000000        0x4 load address 0x080006a0
                0x02000000                _sdata = .
 *(.data)
 .data          0x02000000        0x4 main.o
                0x02000000                current_task
 .data          0x02000004        0x0 led.o
 .data          0x02000004        0x0 stm32_startup.o
                0x02000004                . = ALIGN (0x4)
                0x02000004                _edata = .

.igot.plt       0x02000004        0x0 load address 0x080006a4
 .igot.plt      0x02000004        0x0 main.o

.isr_vector     0x02000004      0x114 load address 0x080006a4
 .isr_vector    0x02000004      0x114 stm32_startup.o
                0x02000004                vectors

.bss            0x02000118       0x54 load address 0x080007b8
                0x02000118                _sbss = .
 *(.bss)
 .bss           0x02000118       0x54 main.o
                0x02000118                g_tick_count
                0x0200011c                user_tasks
 .bss           0x0200016c        0x0 led.o
 .bss           0x0200016c        0x0 stm32_startup.o
                0x0200016c                . = ALIGN (0x4)
                0x0200016c                _ebss = .
OUTPUT(final.elf elf32-littlearm)
LOAD linker stubs

.comment        0x00000000       0x49
 .comment       0x00000000       0x49 main.o
                                 0x4a (size before relaxing)
 .comment       0x00000049       0x4a led.o
 .comment       0x00000049       0x4a stm32_startup.o

.ARM.attributes
                0x00000000       0x2e
 .ARM.attributes
                0x00000000       0x2e main.o
 .ARM.attributes
                0x0000002e       0x2e led.o
 .ARM.attributes
                0x0000005c       0x2e stm32_startup.o
